2026-01-23 14:42:24,723 - __main__ - INFO - primesense库可用，可以使用OpenNI2获取深度数据
2026-01-23 14:42:38,181 - __main__ - INFO - 电压优化系统初始化，模式: MODE_01_12_20，使用真实深度: True
2026-01-23 14:42:38,181 - __main__ - INFO - 初始化相机 0，使用真实深度: True
2026-01-23 14:42:38,181 - __main__ - INFO - 相机 0: 初始化...
2026-01-23 14:42:38,192 - __main__ - INFO - 相机 0: OpenNI2初始化成功，路径: C:\Users\Bobby2003\Desktop\相机驱动\奥比中光Win64-Release\sdk\libs
2026-01-23 14:42:38,278 - __main__ - INFO - 相机 0: OpenNI2设备打开成功
2026-01-23 14:42:42,182 - __main__ - INFO - 相机 0: 彩色相机打开成功 (索引0)
2026-01-23 14:42:42,555 - __main__ - INFO - 相机 0 初始化成功
2026-01-23 14:42:42,555 - __main__ - INFO - 初始化相机 1，使用真实深度: True
2026-01-23 14:42:42,555 - __main__ - INFO - 相机 1: 初始化...
2026-01-23 14:42:42,555 - __main__ - INFO - 相机 1: OpenNI2初始化成功，路径: C:\Users\Bobby2003\Desktop\相机驱动\奥比中光Win64-Release\sdk\libs
2026-01-23 14:42:42,555 - __main__ - INFO - 相机 1: OpenNI2设备打开成功
2026-01-23 14:42:45,080 - __main__ - INFO - 相机 1: 彩色相机打开成功 (索引1)
2026-01-23 14:42:45,452 - __main__ - INFO - 相机 1 初始化成功
2026-01-23 14:42:45,453 - __main__ - INFO - 初始化相机 2，使用真实深度: True
2026-01-23 14:42:45,453 - __main__ - INFO - 相机 2: 初始化...
2026-01-23 14:42:45,453 - __main__ - INFO - 相机 2: OpenNI2初始化成功，路径: C:\Users\Bobby2003\Desktop\相机驱动\奥比中光Win64-Release\sdk\libs
2026-01-23 14:42:45,453 - __main__ - INFO - 相机 2: OpenNI2设备打开成功
2026-01-23 14:42:48,578 - __main__ - INFO - 相机 2: 彩色相机打开成功 (索引2)
2026-01-23 14:42:53,581 - __main__ - INFO - 相机 2 初始化成功
2026-01-23 14:42:53,881 - __main__ - INFO - 相机 0: 激活...
2026-01-23 14:42:54,076 - __main__ - INFO - 相机 0: 深度流启动
2026-01-23 14:42:54,126 - __main__ - INFO - 相机 0 激活完成
2026-01-23 14:42:54,126 - __main__ - INFO - 相机 1: 激活...
2026-01-23 14:42:54,209 - __main__ - INFO - 相机 1: 深度流启动
2026-01-23 14:42:54,260 - __main__ - INFO - 相机 1 激活完成
2026-01-23 14:42:54,260 - __main__ - INFO - 采集线程启动...
2026-01-23 14:42:54,260 - __main__ - INFO - 采集开始，轮换间隔: 3.0秒
2026-01-23 14:42:57,269 - __main__ - INFO - 相机 0: 停用...
2026-01-23 14:42:57,290 - __main__ - INFO - 相机 0 停用完成
2026-01-23 14:42:57,290 - __main__ - INFO - 相机 1: 停用...
2026-01-23 14:42:57,333 - __main__ - INFO - 相机 1 停用完成
2026-01-23 14:42:57,634 - __main__ - INFO - 相机 1: 激活...
2026-01-23 14:42:57,831 - __main__ - INFO - 相机 1: 深度流启动
2026-01-23 14:42:57,881 - __main__ - INFO - 相机 1 激活完成
2026-01-23 14:42:57,881 - __main__ - INFO - 相机 2: 激活...
2026-01-23 14:42:57,963 - __main__ - INFO - 相机 2: 深度流启动
2026-01-23 14:42:58,014 - __main__ - INFO - 相机 2 激活完成
2026-01-23 14:42:59,268 - __main__ - INFO - 运动参数更新: 物体速度 vx=0.050 m/s
2026-01-23 14:43:01,127 - __main__ - INFO - 相机 1: 停用...
2026-01-23 14:43:01,147 - __main__ - INFO - 相机 1 停用完成
2026-01-23 14:43:01,147 - __main__ - INFO - 相机 2: 停用...
2026-01-23 14:43:01,190 - __main__ - INFO - 相机 2 停用完成
2026-01-23 14:43:01,492 - __main__ - INFO - 相机 2: 激活...
2026-01-23 14:43:01,690 - __main__ - INFO - 相机 2: 深度流启动
2026-01-23 14:43:01,741 - __main__ - INFO - 相机 2 激活完成
2026-01-23 14:43:01,741 - __main__ - INFO - 相机 0: 激活...
2026-01-23 14:43:01,820 - __main__ - INFO - 相机 0: 深度流启动
2026-01-23 14:43:01,871 - __main__ - INFO - 相机 0 激活完成
2026-01-23 14:43:04,269 - __main__ - INFO - 运动参数更新: 物体速度 vx=0.050 m/s
2026-01-23 14:43:04,984 - __main__ - INFO - 相机 2: 停用...
2026-01-23 14:43:05,004 - __main__ - INFO - 相机 2 停用完成
2026-01-23 14:43:05,004 - __main__ - INFO - 相机 0: 停用...
2026-01-23 14:43:05,049 - __main__ - INFO - 相机 0 停用完成
2026-01-23 14:43:05,351 - __main__ - INFO - 相机 0: 激活...
2026-01-23 14:43:05,548 - __main__ - INFO - 相机 0: 深度流启动
2026-01-23 14:43:05,599 - __main__ - INFO - 相机 0 激活完成
2026-01-23 14:43:05,599 - __main__ - INFO - 相机 1: 激活...
2026-01-23 14:43:05,679 - __main__ - INFO - 相机 1: 深度流启动
2026-01-23 14:43:05,730 - __main__ - INFO - 相机 1 激活完成
2026-01-23 14:43:08,767 - __main__ - INFO - 相机 0: 停用...
2026-01-23 14:43:08,788 - __main__ - INFO - 相机 0 停用完成
2026-01-23 14:43:08,788 - __main__ - INFO - 相机 1: 停用...
2026-01-23 14:43:08,827 - __main__ - INFO - 相机 1 停用完成
2026-01-23 14:43:09,129 - __main__ - INFO - 相机 1: 激活...
2026-01-23 14:43:09,287 - __main__ - INFO - 运动参数更新: 物体速度 vx=0.050 m/s
2026-01-23 14:43:09,327 - __main__ - INFO - 相机 1: 深度流启动
2026-01-23 14:43:09,377 - __main__ - INFO - 相机 1 激活完成
2026-01-23 14:43:09,377 - __main__ - INFO - 相机 2: 激活...
2026-01-23 14:43:09,459 - __main__ - INFO - 相机 2: 深度流启动
2026-01-23 14:43:09,509 - __main__ - INFO - 相机 2 激活完成
2026-01-23 14:43:12,619 - __main__ - INFO - 相机 1: 停用...
2026-01-23 14:43:12,640 - __main__ - INFO - 相机 1 停用完成
2026-01-23 14:43:12,640 - __main__ - INFO - 相机 2: 停用...
2026-01-23 14:43:12,678 - __main__ - INFO - 相机 2 停用完成
2026-01-23 14:43:12,979 - __main__ - INFO - 相机 2: 激活...
2026-01-23 14:43:13,175 - __main__ - INFO - 相机 2: 深度流启动
2026-01-23 14:43:13,226 - __main__ - INFO - 相机 2 激活完成
2026-01-23 14:43:13,226 - __main__ - INFO - 相机 0: 激活...
2026-01-23 14:43:13,339 - __main__ - INFO - 相机 0: 深度流启动
2026-01-23 14:43:13,389 - __main__ - INFO - 相机 0 激活完成
2026-01-23 14:43:14,294 - __main__ - INFO - 运动参数更新: 物体速度 vx=0.050 m/s
2026-01-23 14:43:16,500 - __main__ - INFO - 相机 2: 停用...
2026-01-23 14:43:16,520 - __main__ - INFO - 相机 2 停用完成
2026-01-23 14:43:16,520 - __main__ - INFO - 相机 0: 停用...
2026-01-23 14:43:16,559 - __main__ - INFO - 相机 0 停用完成
2026-01-23 14:43:16,860 - __main__ - INFO - 相机 0: 激活...
2026-01-23 14:43:17,054 - __main__ - INFO - 相机 0: 深度流启动
2026-01-23 14:43:17,105 - __main__ - INFO - 相机 0 激活完成
2026-01-23 14:43:17,105 - __main__ - INFO - 相机 1: 激活...
2026-01-23 14:43:17,186 - __main__ - INFO - 相机 1: 深度流启动
2026-01-23 14:43:17,237 - __main__ - INFO - 相机 1 激活完成
2026-01-23 14:43:19,302 - __main__ - INFO - 运动参数更新: 物体速度 vx=0.050 m/s
2026-01-23 14:43:20,269 - __main__ - INFO - 相机 0: 停用...
2026-01-23 14:43:20,290 - __main__ - INFO - 相机 0 停用完成
2026-01-23 14:43:20,290 - __main__ - INFO - 相机 1: 停用...
2026-01-23 14:43:20,329 - __main__ - INFO - 相机 1 停用完成
2026-01-23 14:43:20,632 - __main__ - INFO - 相机 1: 激活...
2026-01-23 14:43:20,830 - __main__ - INFO - 相机 1: 深度流启动
2026-01-23 14:43:20,881 - __main__ - INFO - 相机 1 激活完成
2026-01-23 14:43:20,881 - __main__ - INFO - 相机 2: 激活...
2026-01-23 14:43:20,962 - __main__ - INFO - 相机 2: 深度流启动
2026-01-23 14:43:21,013 - __main__ - INFO - 相机 2 激活完成
2026-01-23 14:43:24,123 - __main__ - INFO - 相机 1: 停用...
2026-01-23 14:43:24,144 - __main__ - INFO - 相机 1 停用完成
2026-01-23 14:43:24,144 - __main__ - INFO - 相机 2: 停用...
2026-01-23 14:43:24,180 - __main__ - INFO - 相机 2 停用完成
2026-01-23 14:43:24,270 - __main__ - INFO - 停止采集...
2026-01-23 14:43:24,481 - __main__ - INFO - 相机 2: 激活...
2026-01-23 14:43:24,674 - __main__ - INFO - 相机 2: 深度流启动
2026-01-23 14:43:24,725 - __main__ - INFO - 相机 2 激活完成
2026-01-23 14:43:24,725 - __main__ - INFO - 相机 0: 激活...
2026-01-23 14:43:24,806 - __main__ - INFO - 相机 0: 深度流启动
2026-01-23 14:43:24,858 - __main__ - INFO - 相机 0 激活完成
2026-01-23 14:43:25,895 - __main__ - INFO - 采集线程停止
2026-01-23 14:43:25,895 - __main__ - INFO - 相机 0: 停用...
2026-01-23 14:43:25,916 - __main__ - INFO - 相机 0 停用完成
2026-01-23 14:43:25,916 - __main__ - INFO - 相机 2: 停用...
2026-01-23 14:43:25,951 - __main__ - INFO - 相机 2 停用完成
2026-01-23 14:43:25,951 - __main__ - INFO - 采集停止
2026-01-23 14:43:25,951 - __main__ - INFO - 
清理系统...
2026-01-23 14:43:25,951 - __main__ - INFO - 相机 0: 清理资源...
2026-01-23 14:43:26,336 - __main__ - INFO - 相机 0: 资源已清理
2026-01-23 14:43:26,336 - __main__ - INFO - 相机 1: 清理资源...
2026-01-23 14:43:26,739 - __main__ - INFO - 相机 1: 资源已清理
2026-01-23 14:43:26,739 - __main__ - INFO - 相机 2: 清理资源...
2026-01-23 14:43:27,143 - __main__ - INFO - 相机 2: 资源已清理
2026-01-23 14:43:27,179 - __main__ - INFO - OpenNI2已卸载
2026-01-23 14:43:27,179 - __main__ - INFO - 系统清理完成
2026-01-23 14:44:21,047 - __main__ - INFO - primesense库可用，可以使用OpenNI2获取深度数据
2026-01-23 14:44:38,293 - __main__ - INFO - 电压优化系统初始化，模式: MODE_01_12，使用真实深度: True
2026-01-23 14:44:38,293 - __main__ - INFO - 初始化相机 0，使用真实深度: True
2026-01-23 14:44:38,293 - __main__ - INFO - 相机 0: 初始化...
2026-01-23 14:44:38,304 - __main__ - INFO - 相机 0: OpenNI2初始化成功，路径: C:\Users\Bobby2003\Desktop\相机驱动\奥比中光Win64-Release\sdk\libs
2026-01-23 14:44:38,394 - __main__ - INFO - 相机 0: OpenNI2设备打开成功
2026-01-23 14:44:42,333 - __main__ - INFO - 相机 0: 彩色相机打开成功 (索引0)
2026-01-23 14:44:42,691 - __main__ - INFO - 相机 0 初始化成功
2026-01-23 14:44:42,691 - __main__ - INFO - 初始化相机 1，使用真实深度: True
2026-01-23 14:44:42,691 - __main__ - INFO - 相机 1: 初始化...
2026-01-23 14:44:42,692 - __main__ - INFO - 相机 1: OpenNI2初始化成功，路径: C:\Users\Bobby2003\Desktop\相机驱动\奥比中光Win64-Release\sdk\libs
2026-01-23 14:44:42,692 - __main__ - INFO - 相机 1: OpenNI2设备打开成功
2026-01-23 14:44:45,213 - __main__ - INFO - 相机 1: 彩色相机打开成功 (索引1)
2026-01-23 14:44:45,586 - __main__ - INFO - 相机 1 初始化成功
2026-01-23 14:44:45,586 - __main__ - INFO - 初始化相机 2，使用真实深度: True
2026-01-23 14:44:45,586 - __main__ - INFO - 相机 2: 初始化...
2026-01-23 14:44:45,586 - __main__ - INFO - 相机 2: OpenNI2初始化成功，路径: C:\Users\Bobby2003\Desktop\相机驱动\奥比中光Win64-Release\sdk\libs
2026-01-23 14:44:45,588 - __main__ - INFO - 相机 2: OpenNI2设备打开成功
2026-01-23 14:44:48,834 - __main__ - INFO - 相机 2: 彩色相机打开成功 (索引2)
2026-01-23 14:44:53,837 - __main__ - INFO - 相机 2 初始化成功
2026-01-23 14:44:54,138 - __main__ - INFO - 相机 0: 激活...
2026-01-23 14:44:54,332 - __main__ - INFO - 相机 0: 深度流启动
2026-01-23 14:44:54,383 - __main__ - INFO - 相机 0 激活完成
2026-01-23 14:44:54,383 - __main__ - INFO - 相机 1: 激活...
2026-01-23 14:44:54,463 - __main__ - INFO - 相机 1: 深度流启动
2026-01-23 14:44:54,514 - __main__ - INFO - 相机 1 激活完成
2026-01-23 14:44:54,514 - __main__ - INFO - 采集线程启动...
2026-01-23 14:44:54,514 - __main__ - INFO - 采集开始，轮换间隔: 3.0秒
2026-01-23 14:44:57,528 - __main__ - INFO - 相机 0: 停用...
2026-01-23 14:44:57,559 - __main__ - INFO - 相机 0 停用完成
2026-01-23 14:44:57,559 - __main__ - INFO - 相机 1: 停用...
2026-01-23 14:44:57,621 - __main__ - INFO - 相机 1 停用完成
2026-01-23 14:44:57,929 - __main__ - INFO - 相机 1: 激活...
2026-01-23 14:44:58,128 - __main__ - INFO - 相机 1: 深度流启动
2026-01-23 14:44:58,190 - __main__ - INFO - 相机 1 激活完成
2026-01-23 14:44:58,190 - __main__ - INFO - 相机 2: 激活...
2026-01-23 14:44:58,299 - __main__ - INFO - 相机 2: 深度流启动
2026-01-23 14:44:58,362 - __main__ - INFO - 相机 2 激活完成
2026-01-23 14:44:59,527 - __main__ - INFO - 运动参数更新: 物体速度 vx=0.050 m/s
2026-01-23 14:45:01,476 - __main__ - INFO - 相机 1: 停用...
2026-01-23 14:45:01,498 - __main__ - INFO - 相机 1 停用完成
2026-01-23 14:45:01,498 - __main__ - INFO - 相机 2: 停用...
2026-01-23 14:45:01,537 - __main__ - INFO - 相机 2 停用完成
2026-01-23 14:45:01,839 - __main__ - INFO - 相机 0: 激活...
2026-01-23 14:45:02,035 - __main__ - INFO - 相机 0: 深度流启动
2026-01-23 14:45:02,086 - __main__ - INFO - 相机 0 激活完成
2026-01-23 14:45:02,086 - __main__ - INFO - 相机 1: 激活...
2026-01-23 14:45:02,166 - __main__ - INFO - 相机 1: 深度流启动
2026-01-23 14:45:02,217 - __main__ - INFO - 相机 1 激活完成
2026-01-23 14:45:04,547 - __main__ - INFO - 运动参数更新: 物体速度 vx=0.050 m/s
2026-01-23 14:45:05,225 - __main__ - INFO - 相机 0: 停用...
2026-01-23 14:45:05,246 - __main__ - INFO - 相机 0 停用完成
2026-01-23 14:45:05,246 - __main__ - INFO - 相机 1: 停用...
2026-01-23 14:45:05,284 - __main__ - INFO - 相机 1 停用完成
2026-01-23 14:45:05,585 - __main__ - INFO - 相机 1: 激活...
2026-01-23 14:45:05,780 - __main__ - INFO - 相机 1: 深度流启动
2026-01-23 14:45:05,830 - __main__ - INFO - 相机 1 激活完成
2026-01-23 14:45:05,830 - __main__ - INFO - 相机 2: 激活...
2026-01-23 14:45:05,910 - __main__ - INFO - 相机 2: 深度流启动
2026-01-23 14:45:05,962 - __main__ - INFO - 相机 2 激活完成
2026-01-23 14:45:09,072 - __main__ - INFO - 相机 1: 停用...
2026-01-23 14:45:09,093 - __main__ - INFO - 相机 1 停用完成
2026-01-23 14:45:09,093 - __main__ - INFO - 相机 2: 停用...
2026-01-23 14:45:09,130 - __main__ - INFO - 相机 2 停用完成
2026-01-23 14:45:09,431 - __main__ - INFO - 相机 0: 激活...
2026-01-23 14:45:09,549 - __main__ - INFO - 运动参数更新: 物体速度 vx=0.050 m/s
2026-01-23 14:45:09,628 - __main__ - INFO - 相机 0: 深度流启动
2026-01-23 14:45:09,678 - __main__ - INFO - 相机 0 激活完成
2026-01-23 14:45:09,678 - __main__ - INFO - 相机 1: 激活...
2026-01-23 14:45:09,760 - __main__ - INFO - 相机 1: 深度流启动
2026-01-23 14:45:09,811 - __main__ - INFO - 相机 1 激活完成
2026-01-23 14:45:12,839 - __main__ - INFO - 相机 0: 停用...
2026-01-23 14:45:12,861 - __main__ - INFO - 相机 0 停用完成
2026-01-23 14:45:12,861 - __main__ - INFO - 相机 1: 停用...
2026-01-23 14:45:12,897 - __main__ - INFO - 相机 1 停用完成
2026-01-23 14:45:13,199 - __main__ - INFO - 相机 1: 激活...
2026-01-23 14:45:13,398 - __main__ - INFO - 相机 1: 深度流启动
2026-01-23 14:45:13,448 - __main__ - INFO - 相机 1 激活完成
2026-01-23 14:45:13,448 - __main__ - INFO - 相机 2: 激活...
2026-01-23 14:45:13,529 - __main__ - INFO - 相机 2: 深度流启动
2026-01-23 14:45:13,580 - __main__ - INFO - 相机 2 激活完成
2026-01-23 14:45:14,550 - __main__ - INFO - 运动参数更新: 物体速度 vx=0.050 m/s
2026-01-23 14:45:16,692 - __main__ - INFO - 相机 1: 停用...
2026-01-23 14:45:16,713 - __main__ - INFO - 相机 1 停用完成
2026-01-23 14:45:16,713 - __main__ - INFO - 相机 2: 停用...
2026-01-23 14:45:16,749 - __main__ - INFO - 相机 2 停用完成
2026-01-23 14:45:17,050 - __main__ - INFO - 相机 0: 激活...
2026-01-23 14:45:17,244 - __main__ - INFO - 相机 0: 深度流启动
2026-01-23 14:45:17,294 - __main__ - INFO - 相机 0 激活完成
2026-01-23 14:45:17,294 - __main__ - INFO - 相机 1: 激活...
2026-01-23 14:45:17,375 - __main__ - INFO - 相机 1: 深度流启动
2026-01-23 14:45:17,426 - __main__ - INFO - 相机 1 激活完成
2026-01-23 14:45:19,556 - __main__ - INFO - 运动参数更新: 物体速度 vx=0.050 m/s
2026-01-23 14:45:20,461 - __main__ - INFO - 相机 0: 停用...
2026-01-23 14:45:20,481 - __main__ - INFO - 相机 0 停用完成
2026-01-23 14:45:20,481 - __main__ - INFO - 相机 1: 停用...
2026-01-23 14:45:20,520 - __main__ - INFO - 相机 1 停用完成
2026-01-23 14:45:20,821 - __main__ - INFO - 相机 1: 激活...
2026-01-23 14:45:21,019 - __main__ - INFO - 相机 1: 深度流启动
2026-01-23 14:45:21,069 - __main__ - INFO - 相机 1 激活完成
2026-01-23 14:45:21,069 - __main__ - INFO - 相机 2: 激活...
2026-01-23 14:45:21,149 - __main__ - INFO - 相机 2: 深度流启动
2026-01-23 14:45:21,200 - __main__ - INFO - 相机 2 激活完成
2026-01-23 14:45:24,312 - __main__ - INFO - 相机 1: 停用...
2026-01-23 14:45:24,334 - __main__ - INFO - 相机 1 停用完成
2026-01-23 14:45:24,334 - __main__ - INFO - 相机 2: 停用...
2026-01-23 14:45:24,377 - __main__ - INFO - 相机 2 停用完成
2026-01-23 14:45:24,557 - __main__ - INFO - 运动参数更新: 物体速度 vx=0.050 m/s
2026-01-23 14:45:24,678 - __main__ - INFO - 相机 0: 激活...
2026-01-23 14:45:24,866 - __main__ - INFO - 相机 0: 深度流启动
2026-01-23 14:45:24,917 - __main__ - INFO - 相机 0 激活完成
2026-01-23 14:45:24,917 - __main__ - INFO - 相机 1: 激活...
2026-01-23 14:45:25,005 - __main__ - INFO - 相机 1: 深度流启动
2026-01-23 14:45:25,055 - __main__ - INFO - 相机 1 激活完成
2026-01-23 14:45:28,066 - __main__ - INFO - 相机 0: 停用...
2026-01-23 14:45:28,088 - __main__ - INFO - 相机 0 停用完成
2026-01-23 14:45:28,088 - __main__ - INFO - 相机 1: 停用...
2026-01-23 14:45:28,132 - __main__ - INFO - 相机 1 停用完成
2026-01-23 14:45:28,432 - __main__ - INFO - 相机 1: 激活...
2026-01-23 14:45:28,626 - __main__ - INFO - 相机 1: 深度流启动
2026-01-23 14:45:28,678 - __main__ - INFO - 相机 1 激活完成
2026-01-23 14:45:28,678 - __main__ - INFO - 相机 2: 激活...
2026-01-23 14:45:28,758 - __main__ - INFO - 相机 2: 深度流启动
2026-01-23 14:45:28,808 - __main__ - INFO - 相机 2 激活完成
2026-01-23 14:45:29,558 - __main__ - INFO - 运动参数更新: 物体速度 vx=0.050 m/s
2026-01-23 14:45:31,917 - __main__ - INFO - 相机 1: 停用...
2026-01-23 14:45:31,939 - __main__ - INFO - 相机 1 停用完成
2026-01-23 14:45:31,939 - __main__ - INFO - 相机 2: 停用...
2026-01-23 14:45:31,978 - __main__ - INFO - 相机 2 停用完成
2026-01-23 14:45:32,280 - __main__ - INFO - 相机 0: 激活...
2026-01-23 14:45:32,473 - __main__ - INFO - 相机 0: 深度流启动
2026-01-23 14:45:32,524 - __main__ - INFO - 相机 0 激活完成
2026-01-23 14:45:32,524 - __main__ - INFO - 相机 1: 激活...
2026-01-23 14:45:32,606 - __main__ - INFO - 相机 1: 深度流启动
2026-01-23 14:45:32,656 - __main__ - INFO - 相机 1 激活完成
2026-01-23 14:45:34,566 - __main__ - INFO - 运动参数更新: 物体速度 vx=0.050 m/s
2026-01-23 14:45:35,663 - __main__ - INFO - 相机 0: 停用...
2026-01-23 14:45:35,684 - __main__ - INFO - 相机 0 停用完成
2026-01-23 14:45:35,684 - __main__ - INFO - 相机 1: 停用...
2026-01-23 14:45:35,722 - __main__ - INFO - 相机 1 停用完成
2026-01-23 14:45:36,023 - __main__ - INFO - 相机 1: 激活...
2026-01-23 14:45:36,220 - __main__ - INFO - 相机 1: 深度流启动
2026-01-23 14:45:36,271 - __main__ - INFO - 相机 1 激活完成
2026-01-23 14:45:36,271 - __main__ - INFO - 相机 2: 激活...
2026-01-23 14:45:36,350 - __main__ - INFO - 相机 2: 深度流启动
2026-01-23 14:45:36,401 - __main__ - INFO - 相机 2 激活完成
2026-01-23 14:45:39,513 - __main__ - INFO - 相机 1: 停用...
2026-01-23 14:45:39,534 - __main__ - INFO - 相机 1 停用完成
2026-01-23 14:45:39,534 - __main__ - INFO - 相机 2: 停用...
2026-01-23 14:45:39,569 - __main__ - INFO - 运动参数更新: 物体速度 vx=0.050 m/s
2026-01-23 14:45:39,570 - __main__ - INFO - 相机 2 停用完成
2026-01-23 14:45:39,872 - __main__ - INFO - 相机 0: 激活...
2026-01-23 14:45:40,066 - __main__ - INFO - 相机 0: 深度流启动
2026-01-23 14:45:40,117 - __main__ - INFO - 相机 0 激活完成
2026-01-23 14:45:40,117 - __main__ - INFO - 相机 1: 激活...
2026-01-23 14:45:40,198 - __main__ - INFO - 相机 1: 深度流启动
2026-01-23 14:45:40,248 - __main__ - INFO - 相机 1 激活完成
2026-01-23 14:45:43,280 - __main__ - INFO - 相机 0: 停用...
2026-01-23 14:45:43,301 - __main__ - INFO - 相机 0 停用完成
2026-01-23 14:45:43,301 - __main__ - INFO - 相机 1: 停用...
2026-01-23 14:45:43,339 - __main__ - INFO - 相机 1 停用完成
2026-01-23 14:45:43,640 - __main__ - INFO - 相机 1: 激活...
2026-01-23 14:45:43,834 - __main__ - INFO - 相机 1: 深度流启动
2026-01-23 14:45:43,884 - __main__ - INFO - 相机 1 激活完成
2026-01-23 14:45:43,884 - __main__ - INFO - 相机 2: 激活...
2026-01-23 14:45:43,966 - __main__ - INFO - 相机 2: 深度流启动
2026-01-23 14:45:44,017 - __main__ - INFO - 相机 2 激活完成
2026-01-23 14:45:44,527 - __main__ - INFO - 停止采集...
2026-01-23 14:45:45,053 - __main__ - INFO - 采集线程停止
2026-01-23 14:45:45,053 - __main__ - INFO - 相机 1: 停用...
2026-01-23 14:45:45,074 - __main__ - INFO - 相机 1 停用完成
2026-01-23 14:45:45,074 - __main__ - INFO - 相机 2: 停用...
2026-01-23 14:45:45,110 - __main__ - INFO - 相机 2 停用完成
2026-01-23 14:45:45,110 - __main__ - INFO - 采集停止
2026-01-23 14:45:45,132 - __main__ - INFO - 
清理系统...
2026-01-23 14:45:45,132 - __main__ - INFO - 相机 0: 清理资源...
2026-01-23 14:45:45,517 - __main__ - INFO - 相机 0: 资源已清理
2026-01-23 14:45:45,518 - __main__ - INFO - 相机 1: 清理资源...
2026-01-23 14:45:45,911 - __main__ - INFO - 相机 1: 资源已清理
2026-01-23 14:45:45,911 - __main__ - INFO - 相机 2: 清理资源...
2026-01-23 14:45:46,304 - __main__ - INFO - 相机 2: 资源已清理
2026-01-23 14:45:46,332 - __main__ - INFO - OpenNI2已卸载
2026-01-23 14:45:46,332 - __main__ - INFO - 系统清理完成
2026-01-23 14:46:23,126 - __main__ - INFO - primesense库可用，可以使用OpenNI2获取深度数据
2026-01-23 14:46:32,951 - __main__ - INFO - primesense库可用，可以使用OpenNI2获取深度数据
2026-01-23 14:46:46,006 - __main__ - INFO - 电压优化系统初始化，模式: MODE_01_12_20，使用真实深度: True
2026-01-23 14:46:46,006 - __main__ - INFO - 初始化相机 0，使用真实深度: True
2026-01-23 14:46:46,006 - __main__ - INFO - 相机 0: 初始化...
2026-01-23 14:46:46,016 - __main__ - INFO - 相机 0: OpenNI2初始化成功，路径: C:\Users\Bobby2003\Desktop\相机驱动\奥比中光Win64-Release\sdk\libs
2026-01-23 14:46:46,105 - __main__ - INFO - 相机 0: OpenNI2设备打开成功
2026-01-23 14:46:50,037 - __main__ - INFO - 相机 0: 彩色相机打开成功 (索引0)
2026-01-23 14:46:50,394 - __main__ - INFO - 相机 0 初始化成功
2026-01-23 14:46:50,394 - __main__ - INFO - 初始化相机 1，使用真实深度: True
2026-01-23 14:46:50,394 - __main__ - INFO - 相机 1: 初始化...
2026-01-23 14:46:50,395 - __main__ - INFO - 相机 1: OpenNI2初始化成功，路径: C:\Users\Bobby2003\Desktop\相机驱动\奥比中光Win64-Release\sdk\libs
2026-01-23 14:46:50,395 - __main__ - INFO - 相机 1: OpenNI2设备打开成功
2026-01-23 14:46:53,442 - __main__ - INFO - 相机 1: 彩色相机打开成功 (索引1)
2026-01-23 14:46:53,815 - __main__ - INFO - 相机 1 初始化成功
2026-01-23 14:46:53,816 - __main__ - INFO - 初始化相机 2，使用真实深度: True
2026-01-23 14:46:53,816 - __main__ - INFO - 相机 2: 初始化...
2026-01-23 14:46:53,816 - __main__ - INFO - 相机 2: OpenNI2初始化成功，路径: C:\Users\Bobby2003\Desktop\相机驱动\奥比中光Win64-Release\sdk\libs
2026-01-23 14:46:53,816 - __main__ - INFO - 相机 2: OpenNI2设备打开成功
2026-01-23 14:46:58,233 - __main__ - INFO - 相机 2: 彩色相机打开成功 (索引2)
2026-01-23 14:47:03,235 - __main__ - INFO - 相机 2 初始化成功
2026-01-23 14:47:03,537 - __main__ - INFO - 相机 0: 激活...
2026-01-23 14:47:03,729 - __main__ - INFO - 相机 0: 深度流启动
2026-01-23 14:47:03,779 - __main__ - INFO - 相机 0 激活完成
2026-01-23 14:47:03,779 - __main__ - INFO - 相机 1: 激活...
2026-01-23 14:47:03,862 - __main__ - INFO - 相机 1: 深度流启动
2026-01-23 14:47:03,912 - __main__ - INFO - 相机 1 激活完成
2026-01-23 14:47:03,912 - __main__ - INFO - 采集线程启动...
2026-01-23 14:47:03,912 - __main__ - INFO - 采集开始，轮换间隔: 3.0秒
2026-01-23 14:47:06,932 - __main__ - INFO - 相机 0: 停用...
2026-01-23 14:47:06,962 - __main__ - INFO - 相机 0 停用完成
2026-01-23 14:47:06,962 - __main__ - INFO - 相机 1: 停用...
2026-01-23 14:47:07,024 - __main__ - INFO - 相机 1 停用完成
2026-01-23 14:47:07,347 - __main__ - INFO - 相机 1: 激活...
2026-01-23 14:47:07,546 - __main__ - INFO - 相机 1: 深度流启动
2026-01-23 14:47:07,607 - __main__ - INFO - 相机 1 激活完成
2026-01-23 14:47:07,609 - __main__ - INFO - 相机 2: 激活...
2026-01-23 14:47:07,718 - __main__ - INFO - 相机 2: 深度流启动
2026-01-23 14:47:07,780 - __main__ - INFO - 相机 2 激活完成
2026-01-23 14:47:08,917 - __main__ - INFO - 运动参数更新: 物体速度 vx=0.050 m/s
2026-01-23 14:47:10,895 - __main__ - INFO - 相机 1: 停用...
2026-01-23 14:47:10,917 - __main__ - INFO - 相机 1 停用完成
2026-01-23 14:47:10,917 - __main__ - INFO - 相机 2: 停用...
2026-01-23 14:47:10,955 - __main__ - INFO - 相机 2 停用完成
2026-01-23 14:47:11,257 - __main__ - INFO - 相机 2: 激活...
2026-01-23 14:47:11,451 - __main__ - INFO - 相机 2: 深度流启动
2026-01-23 14:47:11,501 - __main__ - INFO - 相机 2 激活完成
2026-01-23 14:47:11,501 - __main__ - INFO - 相机 0: 激活...
2026-01-23 14:47:11,584 - __main__ - INFO - 相机 0: 深度流启动
2026-01-23 14:47:11,635 - __main__ - INFO - 相机 0 激活完成
2026-01-23 14:47:13,926 - __main__ - INFO - 运动参数更新: 物体速度 vx=0.050 m/s
2026-01-23 14:47:14,749 - __main__ - INFO - 相机 2: 停用...
2026-01-23 14:47:14,770 - __main__ - INFO - 相机 2 停用完成
2026-01-23 14:47:14,770 - __main__ - INFO - 相机 0: 停用...
2026-01-23 14:47:14,812 - __main__ - INFO - 相机 0 停用完成
2026-01-23 14:47:15,112 - __main__ - INFO - 相机 0: 激活...
2026-01-23 14:47:15,306 - __main__ - INFO - 相机 0: 深度流启动
2026-01-23 14:47:15,358 - __main__ - INFO - 相机 0 激活完成
2026-01-23 14:47:15,358 - __main__ - INFO - 相机 1: 激活...
2026-01-23 14:47:15,437 - __main__ - INFO - 相机 1: 深度流启动
2026-01-23 14:47:15,489 - __main__ - INFO - 相机 1 激活完成
2026-01-23 14:47:18,492 - __main__ - INFO - 相机 0: 停用...
2026-01-23 14:47:18,512 - __main__ - INFO - 相机 0 停用完成
2026-01-23 14:47:18,512 - __main__ - INFO - 相机 1: 停用...
2026-01-23 14:47:18,552 - __main__ - INFO - 相机 1 停用完成
2026-01-23 14:47:18,853 - __main__ - INFO - 相机 1: 激活...
2026-01-23 14:47:18,930 - __main__ - INFO - 运动参数更新: 物体速度 vx=0.050 m/s
2026-01-23 14:47:19,050 - __main__ - INFO - 相机 1: 深度流启动
2026-01-23 14:47:19,101 - __main__ - INFO - 相机 1 激活完成
2026-01-23 14:47:19,101 - __main__ - INFO - 相机 2: 激活...
2026-01-23 14:47:19,182 - __main__ - INFO - 相机 2: 深度流启动
2026-01-23 14:47:19,233 - __main__ - INFO - 相机 2 激活完成
2026-01-23 14:47:22,342 - __main__ - INFO - 相机 1: 停用...
2026-01-23 14:47:22,364 - __main__ - INFO - 相机 1 停用完成
2026-01-23 14:47:22,364 - __main__ - INFO - 相机 2: 停用...
2026-01-23 14:47:22,400 - __main__ - INFO - 相机 2 停用完成
2026-01-23 14:47:22,702 - __main__ - INFO - 相机 2: 激活...
2026-01-23 14:47:22,900 - __main__ - INFO - 相机 2: 深度流启动
2026-01-23 14:47:22,950 - __main__ - INFO - 相机 2 激活完成
2026-01-23 14:47:22,950 - __main__ - INFO - 相机 0: 激活...
2026-01-23 14:47:23,030 - __main__ - INFO - 相机 0: 深度流启动
2026-01-23 14:47:23,081 - __main__ - INFO - 相机 0 激活完成
2026-01-23 14:47:23,935 - __main__ - INFO - 运动参数更新: 物体速度 vx=0.050 m/s
2026-01-23 14:47:26,193 - __main__ - INFO - 相机 2: 停用...
2026-01-23 14:47:26,214 - __main__ - INFO - 相机 2 停用完成
2026-01-23 14:47:26,214 - __main__ - INFO - 相机 0: 停用...
2026-01-23 14:47:26,257 - __main__ - INFO - 相机 0 停用完成
2026-01-23 14:47:26,559 - __main__ - INFO - 相机 0: 激活...
2026-01-23 14:47:26,752 - __main__ - INFO - 相机 0: 深度流启动
2026-01-23 14:47:26,804 - __main__ - INFO - 相机 0 激活完成
2026-01-23 14:47:26,804 - __main__ - INFO - 相机 1: 激活...
2026-01-23 14:47:26,883 - __main__ - INFO - 相机 1: 深度流启动
2026-01-23 14:47:26,933 - __main__ - INFO - 相机 1 激活完成
2026-01-23 14:47:28,948 - __main__ - INFO - 运动参数更新: 物体速度 vx=0.050 m/s
2026-01-23 14:47:29,956 - __main__ - INFO - 相机 0: 停用...
2026-01-23 14:47:29,978 - __main__ - INFO - 相机 0 停用完成
2026-01-23 14:47:29,978 - __main__ - INFO - 相机 1: 停用...
2026-01-23 14:47:30,018 - __main__ - INFO - 相机 1 停用完成
2026-01-23 14:47:30,321 - __main__ - INFO - 相机 1: 激活...
2026-01-23 14:47:30,516 - __main__ - INFO - 相机 1: 深度流启动
2026-01-23 14:47:30,567 - __main__ - INFO - 相机 1 激活完成
2026-01-23 14:47:30,567 - __main__ - INFO - 相机 2: 激活...
2026-01-23 14:47:30,647 - __main__ - INFO - 相机 2: 深度流启动
2026-01-23 14:47:30,698 - __main__ - INFO - 相机 2 激活完成
2026-01-23 14:47:33,811 - __main__ - INFO - 相机 1: 停用...
2026-01-23 14:47:33,832 - __main__ - INFO - 相机 1 停用完成
2026-01-23 14:47:33,832 - __main__ - INFO - 相机 2: 停用...
2026-01-23 14:47:33,876 - __main__ - INFO - 相机 2 停用完成
2026-01-23 14:47:33,959 - __main__ - INFO - 运动参数更新: 物体速度 vx=0.050 m/s
2026-01-23 14:47:34,178 - __main__ - INFO - 相机 2: 激活...
2026-01-23 14:47:34,372 - __main__ - INFO - 相机 2: 深度流启动
2026-01-23 14:47:34,423 - __main__ - INFO - 相机 2 激活完成
2026-01-23 14:47:34,423 - __main__ - INFO - 相机 0: 激活...
2026-01-23 14:47:34,504 - __main__ - INFO - 相机 0: 深度流启动
2026-01-23 14:47:34,555 - __main__ - INFO - 相机 0 激活完成
2026-01-23 14:47:37,667 - __main__ - INFO - 相机 2: 停用...
2026-01-23 14:47:37,688 - __main__ - INFO - 相机 2 停用完成
2026-01-23 14:47:37,688 - __main__ - INFO - 相机 0: 停用...
2026-01-23 14:47:37,732 - __main__ - INFO - 相机 0 停用完成
2026-01-23 14:47:38,033 - __main__ - INFO - 相机 0: 激活...
2026-01-23 14:47:38,230 - __main__ - INFO - 相机 0: 深度流启动
2026-01-23 14:47:38,281 - __main__ - INFO - 相机 0 激活完成
2026-01-23 14:47:38,281 - __main__ - INFO - 相机 1: 激活...
2026-01-23 14:47:38,361 - __main__ - INFO - 相机 1: 深度流启动
2026-01-23 14:47:38,411 - __main__ - INFO - 相机 1 激活完成
2026-01-23 14:47:38,967 - __main__ - INFO - 运动参数更新: 物体速度 vx=0.050 m/s
2026-01-23 14:47:41,443 - __main__ - INFO - 相机 0: 停用...
2026-01-23 14:47:41,465 - __main__ - INFO - 相机 0 停用完成
2026-01-23 14:47:41,465 - __main__ - INFO - 相机 1: 停用...
2026-01-23 14:47:41,504 - __main__ - INFO - 相机 1 停用完成
2026-01-23 14:47:41,806 - __main__ - INFO - 相机 1: 激活...
2026-01-23 14:47:42,000 - __main__ - INFO - 相机 1: 深度流启动
2026-01-23 14:47:42,050 - __main__ - INFO - 相机 1 激活完成
2026-01-23 14:47:42,050 - __main__ - INFO - 相机 2: 激活...
2026-01-23 14:47:42,131 - __main__ - INFO - 相机 2: 深度流启动
2026-01-23 14:47:42,182 - __main__ - INFO - 相机 2 激活完成
2026-01-23 14:47:43,973 - __main__ - INFO - 运动参数更新: 物体速度 vx=0.050 m/s
2026-01-23 14:47:45,296 - __main__ - INFO - 相机 1: 停用...
2026-01-23 14:47:45,316 - __main__ - INFO - 相机 1 停用完成
2026-01-23 14:47:45,316 - __main__ - INFO - 相机 2: 停用...
2026-01-23 14:47:45,359 - __main__ - INFO - 相机 2 停用完成
2026-01-23 14:47:45,661 - __main__ - INFO - 相机 2: 激活...
2026-01-23 14:47:45,849 - __main__ - INFO - 相机 2: 深度流启动
2026-01-23 14:47:45,900 - __main__ - INFO - 相机 2 激活完成
2026-01-23 14:47:45,900 - __main__ - INFO - 相机 0: 激活...
2026-01-23 14:47:45,987 - __main__ - INFO - 相机 0: 深度流启动
2026-01-23 14:47:46,038 - __main__ - INFO - 相机 0 激活完成
2026-01-23 14:47:46,949 - __main__ - INFO - 停止采集...
2026-01-23 14:47:47,073 - __main__ - INFO - 采集线程停止
2026-01-23 14:47:47,073 - __main__ - INFO - 相机 0: 停用...
2026-01-23 14:47:47,093 - __main__ - INFO - 相机 0 停用完成
2026-01-23 14:47:47,093 - __main__ - INFO - 相机 2: 停用...
2026-01-23 14:47:47,128 - __main__ - INFO - 相机 2 停用完成
2026-01-23 14:47:47,128 - __main__ - INFO - 采集停止
2026-01-23 14:47:47,128 - __main__ - INFO - 
清理系统...
2026-01-23 14:47:47,128 - __main__ - INFO - 相机 0: 清理资源...
2026-01-23 14:47:47,538 - __main__ - INFO - 相机 0: 资源已清理
2026-01-23 14:47:47,538 - __main__ - INFO - 相机 1: 清理资源...
2026-01-23 14:47:47,942 - __main__ - INFO - 相机 1: 资源已清理
2026-01-23 14:47:47,942 - __main__ - INFO - 相机 2: 清理资源...
2026-01-23 14:47:48,351 - __main__ - INFO - 相机 2: 资源已清理
2026-01-23 14:47:48,389 - __main__ - INFO - OpenNI2已卸载
2026-01-23 14:47:48,389 - __main__ - INFO - 系统清理完成
2026-02-01 19:16:47,155 - __main__ - INFO - primesense库可用，可以使用OpenNI2获取深度数据
2026-02-04 22:11:17,077 - __main__ - INFO - primesense库可用，可以使用OpenNI2获取深度数据
